LTspice 26.0.1 for Windows
Circuit: C:\Users\bubba\OneDrive\Documents\LTspice\BOOST\thingy to fix the 0 error problem.net
Start Time: Thu Aug 20 21:47:00 2026
solver = Normal
Maximum thread count: 32
tnom = 27
temp = 27
method = trap
Per .tran options, skipping operating point for transient analysis.
Changing Tseed to 2.92969e-12
Changing Tseed to 2.92969e-14
Changing Tseed to 2.92969e-11
Changing Tseed to 2.92969e-15
Changing Tseed to 2.92969e-10
Changing Tseed to 2.92969e-16
Changing Tseed to 2.92969e-09
Changing Tseed to 2.92969e-17
Changing Tseed to 2.92969e-08
Changing Tseed to 2.92969e-18
Changing Tseed to 2.92969e-07
Changing Tseed to 2.92969e-19
Changing Tseed to 1e-17
Changing Tseed to 1e-19
Changing Tseed to 1e-16
Changing Tseed to 1e-20
Changing Tseed to 1e-15
Changing Tseed to 1e-21
Changing Tseed to 1e-14
Changing Tseed to 1e-22
Changing Tseed to 1e-13
Changing Tseed to 1e-23
Changing Tseed to 1e-12
Changing Tseed to 1e-24
Warning: Simulation tolerance relaxed to achieve convergence from 0.0000000000000000e+00 Changing Tseed to 1e-17
Changing Tseed to 1e-19
Changing Tseed to 1e-16
Changing Tseed to 1e-20
Changing Tseed to 1e-15
Changing Tseed to 1e-21
Changing Tseed to 1e-14
Changing Tseed to 1e-22
Changing Tseed to 1e-13
Changing Tseed to 1e-23
Changing Tseed to 1e-12
Changing Tseed to 1e-24
Changing Tseed to 1e-17
Changing Tseed to 1e-19
Changing Tseed to 1e-16
Changing Tseed to 1e-20
Changing Tseed to 1e-15
Changing Tseed to 1e-21
Changing Tseed to 1e-14
Changing Tseed to 1e-22
Changing Tseed to 1e-13
Changing Tseed to 1e-23
Changing Tseed to 1e-12
Changing Tseed to 1e-24
Changing Tseed to 1e-17
Changing Tseed to 1e-19
Changing Tseed to 1e-16
Changing Tseed to 1e-20
Changing Tseed to 1e-15
Changing Tseed to 1e-21
Changing Tseed to 1e-14
Changing Tseed to 1e-22
Changing Tseed to 1e-13
Changing Tseed to 1e-23
Changing Tseed to 1e-12
Changing Tseed to 1e-24
Changing Tseed to 1e-17
Changing Tseed to 1e-19
Changing Tseed to 1e-16
Changing Tseed to 1e-20
Changing Tseed to 1e-15
Changing Tseed to 1e-21
Changing Tseed to 1e-14
Changing Tseed to 1e-22
Changing Tseed to 1e-13
Changing Tseed to 1e-23
Changing Tseed to 1e-12
Changing Tseed to 1e-24
Changing Tseed to 1e-17
Changing Tseed to 1e-19
Changing Tseed to 1e-16
Changing Tseed to 1e-20
Changing Tseed to 1e-15
Changing Tseed to 1e-21
Changing Tseed to 1e-14
Changing Tseed to 1e-22
Changing Tseed to 1e-13
Changing Tseed to 1e-23
Changing Tseed to 1e-12
Changing Tseed to 1e-24
Changing Tseed to 1e-17
Changing Tseed to 1e-19
Changing Tseed to 1e-16
Changing Tseed to 1e-20
Changing Tseed to 1e-15
Changing Tseed to 1e-21
Changing Tseed to 1e-14
Changing Tseed to 1e-22
Changing Tseed to 1e-13
Changing Tseed to 1e-23
Changing Tseed to 1e-12
Changing Tseed to 1e-24
Changing Tseed to 1e-17
Changing Tseed to 1e-19
Changing Tseed to 1e-16
Changing Tseed to 1e-20
Changing Tseed to 1e-15
Changing Tseed to 1e-21
Changing Tseed to 1e-14
Changing Tseed to 1e-22
Changing Tseed to 1e-13
Changing Tseed to 1e-23
Changing Tseed to 1e-12
Changing Tseed to 1e-24
Changing Tseed to 1e-17
Changing Tseed to 1e-19
Changing Tseed to 1e-16
Changing Tseed to 1e-20
Changing Tseed to 1e-15
Changing Tseed to 1e-21
Changing Tseed to 1e-14
Changing Tseed to 1e-22
Changing Tseed to 1e-13
Changing Tseed to 1e-23
Changing Tseed to 1e-12
Changing Tseed to 1e-24
Changing Tseed to 1e-17
Changing Tseed to 1e-19
Changing Tseed to 1e-16
Changing Tseed to 1e-20
Changing Tseed to 1e-15
Changing Tseed to 1e-21
Changing Tseed to 1e-14
Changing Tseed to 1e-22
Changing Tseed to 1e-13
Changing Tseed to 1e-23
Changing Tseed to 1e-12
Changing Tseed to 1e-24
Changing Tseed to 1e-17
Changing Tseed to 1e-19
Changing Tseed to 1e-16
Changing Tseed to 1e-20
Changing Tseed to 1e-15
Changing Tseed to 1e-21
Changing Tseed to 1e-14
Changing Tseed to 1e-22
Changing Tseed to 1e-13
Changing Tseed to 1e-23
Changing Tseed to 1e-12
Changing Tseed to 1e-24
Changing Tseed to 1e-17
Changing Tseed to 1e-19
Changing Tseed to 1e-16
Changing Tseed to 1e-20
Changing Tseed to 1e-15
Changing Tseed to 1e-21
Changing Tseed to 1e-14
Changing Tseed to 1e-22
Changing Tseed to 1e-13
Changing Tseed to 1e-23
Changing Tseed to 1e-12
Changing Tseed to 1e-24
Changing Tseed to 1e-17
Changing Tseed to 1e-19
Changing Tseed to 1e-16
Changing Tseed to 1e-20
Changing Tseed to 1e-15
Changing Tseed to 1e-21
Changing Tseed to 1e-14
Changing Tseed to 1e-22
Changing Tseed to 1e-13
Changing Tseed to 1e-23
Changing Tseed to 1e-12
Changing Tseed to 1e-24
Changing Tseed to 1e-17
Changing Tseed to 1e-19
Changing Tseed to 1e-16
Changing Tseed to 1e-20
Changing Tseed to 1e-15
Changing Tseed to 1e-21
Changing Tseed to 1e-14
Changing Tseed to 1e-22
Changing Tseed to 1e-13
Changing Tseed to 1e-23
Changing Tseed to 1e-12
Changing Tseed to 1e-24
Changing Tseed to 1e-17
Changing Tseed to 1e-19
Changing Tseed to 1e-16
Changing Tseed to 1e-20
Changing Tseed to 1e-15
Changing Tseed to 1e-21
Changing Tseed to 1e-14
Changing Tseed to 1e-22
Changing Tseed to 1e-13
Changing Tseed to 1e-23
Changing Tseed to 1e-12
Changing Tseed to 1e-24
Changing Tseed to 1e-17
Changing Tseed to 1e-19
Changing Tseed to 1e-16
Changing Tseed to 1e-20
Changing Tseed to 1e-15
Changing Tseed to 1e-21
Changing Tseed to 1e-14
Changing Tseed to 1e-22
Changing Tseed to 1e-13
Changing Tseed to 1e-23
Changing Tseed to 1e-12
Changing Tseed to 1e-24
Changing Tseed to 1e-17
Changing Tseed to 1e-19
Changing Tseed to 1e-16
Changing Tseed to 1e-20
Changing Tseed to 1e-15
Changing Tseed to 1e-21
Changing Tseed to 1e-14
Changing Tseed to 1e-22
Changing Tseed to 1e-13
Changing Tseed to 1e-23
Changing Tseed to 1e-12
Changing Tseed to 1e-24
Changing Tseed to 1e-17
Changing Tseed to 1e-19
Changing Tseed to 1e-16
Changing Tseed to 1e-20
Changing Tseed to 1e-15
Changing Tseed to 1e-21
Changing Tseed to 1e-14
Changing Tseed to 1e-22
Changing Tseed to 1e-13
Changing Tseed to 1e-23
Changing Tseed to 1e-12
Changing Tseed to 1e-24
Changing Tseed to 1e-17
Changing Tseed to 1e-19
Changing Tseed to 1e-16
Changing Tseed to 1e-20
Changing Tseed to 1e-15
Changing Tseed to 1e-21
Changing Tseed to 1e-14
Changing Tseed to 1e-22
Changing Tseed to 1e-13
Changing Tseed to 1e-23
Changing Tseed to 1e-12
Changing Tseed to 1e-24
Changing Tseed to 1e-17
Changing Tseed to 1e-19
Changing Tseed to 1e-16
Changing Tseed to 1e-20
Changing Tseed to 1e-15
Changing Tseed to 1e-21
Changing Tseed to 1e-14
Changing Tseed to 1e-22
Changing Tseed to 1e-13
Changing Tseed to 1e-23
Changing Tseed to 1e-12
Changing Tseed to 1e-24
to 2.0000000000000001e-18 seconds.
Total elapsed time: 0.547 seconds.

Files loaded:
C:\Users\bubba\OneDrive\Documents\LTspice\BOOST\thingy to fix the 0 error problem.net
C:\Users\bubba\AppData\Local\LTspice\lib\cmp\standard.dio
C:\Users\bubba\AppData\Local\LTspice\lib\cmp\standard.bjt
C:\Users\bubba\OneDrive\Documents\LTspice\BOOST\MCP6561.lib

