LTspice 26.0.1 for Windows
Circuit: C:\Users\bubba\OneDrive\Documents\LTspice\BOOST-github\LTspice\BOOST\BOOST.net
Start Time: Fri Aug 28 01:04:31 2026
Options:gmin=100f reltol=0.001
solver = Normal
Maximum thread count: 32
tnom = 27
temp = 27
method = trap
gmin = 1e-13
C69: Increased Cpar to 6.8e-10
C86: Increased Cpar to 2.2e-10
C40: Increased Cpar to 6.8e-10
C70: Increased Cpar to 2.2e-10
C71: Increased Cpar to 2.2e-10
C78: Increased Cpar to 2.2e-10
C74: Increased Cpar to 2.2e-10
C85: Increased Cpar to 6.8e-10
C77: Increased Cpar to 2.2e-10
C87: Increased Cpar to 2.2e-10
C75: Increased Cpar to 2.2e-10
C88: Increased Cpar to 2.2e-10
Per .tran options, skipping operating point for transient analysis.

Simulation stopped by user.
Total elapsed time: 22.517 seconds.

Files loaded:
C:\Users\bubba\OneDrive\Documents\LTspice\BOOST-github\LTspice\BOOST\BOOST.net
C:\Users\bubba\AppData\Local\LTspice\lib\cmp\standard.dio
C:\Users\bubba\AppData\Local\LTspice\lib\cmp\standard.bjt
C:\Users\bubba\OneDrive\Documents\LTspice\BOOST-github\LTspice\BOOST\MCP6241.lib
C:\Users\bubba\OneDrive\Documents\LTspice\BOOST-github\LTspice\BOOST\MCP6561.lib
C:\Users\bubba\OneDrive\Documents\LTspice\BOOST-github\LTspice\BOOST\CD4000_v.lib
C:\Users\bubba\OneDrive\Documents\LTspice\BOOST-github\LTspice\BOOST\SwitchAna.lib
C:\Users\bubba\OneDrive\Documents\LTspice\BOOST-github\LTspice\BOOST\HYG180N10.lib
C:\Users\bubba\OneDrive\Documents\LTspice\BOOST-github\LTspice\BOOST\INA241A3.lib
C:\Users\bubba\OneDrive\Documents\LTspice\BOOST-github\LTspice\BOOST\L7805.lib
C:\Users\bubba\OneDrive\Documents\LTspice\BOOST-github\LTspice\BOOST\LM78L05.lib
C:\Users\bubba\OneDrive\Documents\LTspice\BOOST-github\LTspice\BOOST\LM2940_12.lib
C:\Users\bubba\OneDrive\Documents\LTspice\BOOST-github\LTspice\BOOST\TVS_5KP.lib
C:\Users\bubba\OneDrive\Documents\LTspice\BOOST-github\LTspice\BOOST\UCC21520.lib

