ERC report (2026-09-01T21:48:15, Encoding UTF8)
Report includes: Errors, Warnings, Exclusions

***** Sheet /
[missing_power_pin]: Symbol U26 has input power pins in units [ E ] that are not placed
    ; error
    @(54.61 mm, 317.50 mm): Symbol U26 [MCP4451-xxxx-ST]
[missing_power_pin]: Symbol U27 has input power pins in units [ E ] that are not placed
    ; error
    @(50.80 mm, 342.90 mm): Symbol U27 [MCP4451-xxxx-ST]
[pin_not_connected]: Pin not connected
    ; error
    @(147.32 mm, 373.38 mm): Symbol U29 Pin 5 [SCL, Input, Line]
[pin_not_driven]: Input pin not driven by any Output pins
    ; error
    @(147.32 mm, 373.38 mm): Symbol U29 Pin 5 [SCL, Input, Line]
[pin_not_connected]: Pin not connected
    ; error
    @(147.32 mm, 375.92 mm): Symbol U29 Pin 6 [SDA, Bidirectional, Line]
[pin_not_connected]: Pin not connected
    ; error
    @(147.32 mm, 381.00 mm): Symbol U29 Pin 4 [HVC/A0, Input, Line]
[pin_not_driven]: Input pin not driven by any Output pins
    ; error
    @(147.32 mm, 381.00 mm): Symbol U29 Pin 4 [HVC/A0, Input, Line]
[pin_not_connected]: Pin not connected
    ; error
    @(147.32 mm, 383.54 mm): Symbol U29 Pin 16 [A1, Input, Line]
[pin_not_driven]: Input pin not driven by any Output pins
    ; error
    @(147.32 mm, 383.54 mm): Symbol U29 Pin 16 [A1, Input, Line]
[missing_bidi_pin]: Symbol U26 has bidirectional pins in units [ E ] that are not placed
    ; warning
    @(54.61 mm, 317.50 mm): Symbol U26 [MCP4451-xxxx-ST]
[missing_input_pin]: Symbol U26 has input pins in units [ E ] that are not placed
    ; warning
    @(54.61 mm, 317.50 mm): Symbol U26 [MCP4451-xxxx-ST]
[missing_unit]: Symbol U26 has unplaced units [ D, E ]
    ; warning
    @(54.61 mm, 317.50 mm): Symbol U26 [MCP4451-xxxx-ST]
[unconnected_wire_endpoint]: Unconnected wire endpoint
    ; warning
[isolated_pin_label]: Label connected to only one pin
    ; warning
    @(321.31 mm, 127.00 mm): Global Label 'Vref_1_arduino'
[missing_bidi_pin]: Symbol U27 has bidirectional pins in units [ E ] that are not placed
    ; warning
    @(50.80 mm, 342.90 mm): Symbol U27 [MCP4451-xxxx-ST]
[missing_input_pin]: Symbol U27 has input pins in units [ E ] that are not placed
    ; warning
    @(50.80 mm, 342.90 mm): Symbol U27 [MCP4451-xxxx-ST]
[missing_unit]: Symbol U27 has unplaced units [ A, B, C, . ]
    ; warning
    @(50.80 mm, 342.90 mm): Symbol U27 [MCP4451-xxxx-ST]
[isolated_pin_label]: Label connected to only one pin
    ; warning
    @(323.85 mm, 163.83 mm): Global Label 'Vref_2_arduino'
[isolated_pin_label]: Label connected to only one pin
    ; warning
    @(320.04 mm, 203.20 mm): Global Label 'Vref_3_arduino'
[missing_unit]: Symbol U29 has unplaced units [ A, B, C, . ]
    ; warning
    @(160.02 mm, 375.92 mm): Symbol U29 [MCP4451-xxxx-ST]
[missing_input_pin]: Symbol U106 has input pins in units [ D ] that are not placed
    ; warning
    @(356.87 mm, 297.18 mm): Symbol U106 [CD4066_conv]
[missing_unit]: Symbol U106 has unplaced units [ D ]
    ; warning
    @(356.87 mm, 297.18 mm): Symbol U106 [CD4066_conv]
[endpoint_off_grid]: Symbol pin or wire end off connection grid
    ; warning
    @(413.381 mm, 245.11 mm): Horizontal Wire, length 4.449 mm
[endpoint_off_grid]: Symbol pin or wire end off connection grid
    ; warning
    @(413.381 mm, 245.11 mm): Symbol #FLG08 Pin 1 [Power output, Line]
[endpoint_off_grid]: Symbol pin or wire end off connection grid
    ; warning
    @(412.75 mm, 245.11 mm): Horizontal Wire, length 0.631 mm
[missing_input_pin]: Symbol U103 has input pins in units [ C, D ] that are not placed
    ; warning
    @(439.42 mm, 340.36 mm): Symbol U103 [74HC00_conv]
[missing_unit]: Symbol U103 has unplaced units [ C, D ]
    ; warning
    @(439.42 mm, 340.36 mm): Symbol U103 [74HC00_conv]
[missing_input_pin]: Symbol U105 has input pins in units [ C, D, E, . ] that are not placed
    ; warning
    @(499.11 mm, 340.36 mm): Symbol U105 [74HC14_conv]
[missing_unit]: Symbol U105 has unplaced units [ C, D, E, . ]
    ; warning
    @(499.11 mm, 340.36 mm): Symbol U105 [74HC14_conv]

 ** ERC messages: 29  Errors 9  Warnings 20

 ** Ignored checks:
    - Global label only appears once in the schematic
    - Four connection points are joined together
    - SPICE model issue
    - Assigned footprint doesn't match footprint filters
