ERC report (2026-09-02T01:06:08, Encoding UTF8)
Report includes: Errors, Warnings, Exclusions

***** Sheet /
[pin_not_connected]: Pin not connected
    ; error
    @(147.32 mm, 381.00 mm): Symbol U26 Pin 4 [HVC/A0, Input, Line]
[pin_not_driven]: Input pin not driven by any Output pins
    ; error
    @(147.32 mm, 381.00 mm): Symbol U26 Pin 4 [HVC/A0, Input, Line]
[pin_not_connected]: Pin not connected
    ; error
    @(147.32 mm, 383.54 mm): Symbol U26 Pin 16 [A1, Input, Line]
[pin_not_driven]: Input pin not driven by any Output pins
    ; error
    @(147.32 mm, 383.54 mm): Symbol U26 Pin 16 [A1, Input, Line]
[endpoint_off_grid]: Symbol pin or wire end off connection grid
    ; warning
    @(413.381 mm, 245.11 mm): Horizontal Wire, length 4.449 mm
[endpoint_off_grid]: Symbol pin or wire end off connection grid
    ; warning
    @(413.381 mm, 245.11 mm): Symbol #FLG08 Pin 1 [Power output, Line]
[endpoint_off_grid]: Symbol pin or wire end off connection grid
    ; warning
    @(412.75 mm, 245.11 mm): Horizontal Wire, length 0.631 mm
[missing_input_pin]: Symbol U103 has input pins in units [ C, D ] that are not placed
    ; warning
    @(488.95 mm, 233.68 mm): Symbol U103 [74HC00_conv]
[missing_unit]: Symbol U103 has unplaced units [ C, D ]
    ; warning
    @(488.95 mm, 233.68 mm): Symbol U103 [74HC00_conv]
[missing_input_pin]: Symbol U105 has input pins in units [ C, D, E, . ] that are not placed
    ; warning
    @(499.11 mm, 340.36 mm): Symbol U105 [74HC14_conv]
[missing_unit]: Symbol U105 has unplaced units [ C, D, E, . ]
    ; warning
    @(499.11 mm, 340.36 mm): Symbol U105 [74HC14_conv]
[missing_input_pin]: Symbol U106 has input pins in units [ D ] that are not placed
    ; warning
    @(529.59 mm, 340.36 mm): Symbol U106 [CD4066_conv]
[missing_unit]: Symbol U106 has unplaced units [ D ]
    ; warning
    @(529.59 mm, 340.36 mm): Symbol U106 [CD4066_conv]

 ** ERC messages: 13  Errors 4  Warnings 9

 ** Ignored checks:
    - Global label only appears once in the schematic
    - Four connection points are joined together
    - SPICE model issue
    - Assigned footprint doesn't match footprint filters
